// Vitest Snapshot v1, https://vitest.dev/guide/snapshot.html

exports[`MultiStringControlRenderer.vue > should render component and match snapshot 1`] = `
"<div class="v-application v-theme--light v-layout v-layout--full-height v-locale--is-ltr">
  <div class="v-application__wrap">
    <div class="control" id="#6" errors="" label="My Multi String" required="false" isfocused="false" appliedoptions="[object Object]">
      <div class="v-input v-input--horizontal v-input--density-default v-theme--light v-locale--is-ltr v-input--dirty v-textarea v-text-field input">
        <!---->
        <div class="v-input__control">
          <div class="v-field v-field--active v-field--appended v-field--dirty v-field--variant-filled v-theme--light v-locale--is-ltr">
            <div class="v-field__overlay"></div>
            <div class="v-field__loader">
              <div class="v-progress-linear v-theme--light v-locale--is-ltr" style="top: 0px; height: 0px; --v-progress-linear-height: 2px;" role="progressbar" aria-hidden="true" aria-valuemin="0" aria-valuemax="100">
                <!---->
                <div class="v-progress-linear__background"></div>
                <div class="v-progress-linear__buffer" style="width: 0%;"></div>
                <transition-stub name="fade-transition" appear="false" persisted="false" css="true">
                  <div class="v-progress-linear__indeterminate">
                    <div class="v-progress-linear__indeterminate long"></div>
                    <div class="v-progress-linear__indeterminate short"></div>
                  </div>
                </transition-stub>
                <!---->
              </div>
            </div>
            <!---->
            <div class="v-field__field" data-no-activator=""><label class="v-label v-field-label v-field-label--floating" aria-hidden="true" for="#6-input">
                <!---->My Multi String
              </label><label class="v-label v-field-label" for="#6-input">
                <!---->My Multi String
              </label>
              <!----><textarea class="v-field__input" placeholder="multi placeholder" rows="5" id="#6-input" aria-describedby="#6-input-messages" multi-line=""></textarea>
              <!---->
              <!---->
            </div>
            <transition-stub name="expand-x-transition" appear="false" persisted="false" css="true">
              <div class="v-field__clearable"><i class="mdi-close-circle mdi v-icon notranslate v-theme--light v-icon--size-default v-icon--clickable" role="button" aria-hidden="false" tabindex="-1" aria-label="Clear My Multi String"></i></div>
            </transition-stub>
            <div class="v-field__append-inner">
              <!---->
              <!---->
            </div>
            <div class="v-field__outline">
              <!---->
              <!---->
            </div>
          </div>
        </div>
        <!---->
        <div class="v-input__details">
          <transition-group-stub name="slide-y-transition" tag="div" appear="false" persisted="false" css="true" class="v-messages" role="alert" aria-live="polite" id="#6-input-messages">
            <!---->
          </transition-group-stub>
          <!---->
        </div>
      </div>
    </div>
  </div>
</div>"
`;
